../Core/Src/main.c:79:6:send_uart	24	static
../Core/Src/main.c:85:6:MPU6050_Init	32	static
../Core/Src/main.c:107:6:MPU6050_Read_Accel	48	static
../Core/Src/main.c:120:6:MPU6050_ADD_Accel_To_Buffer	40	static
../Core/Src/main.c:130:6:getSpeed	24	static
../Core/Src/main.c:148:6:HAL_TIM_PeriodElapsedCallback	16	static
../Core/Src/main.c:169:5:main	8	static
../Core/Src/main.c:216:6:SystemClock_Config	88	static
../Core/Src/main.c:264:13:MX_I2C1_Init	8	static
../Core/Src/main.c:298:13:MX_TIM3_Init	32	static
../Core/Src/main.c:343:13:MX_USART2_UART_Init	8	static
../Core/Src/main.c:376:13:MX_GPIO_Init	48	static
../Core/Src/main.c:412:6:Error_Handler	4	static,ignoring_inline_asm
